
> client@0.1.0 build
> react-scripts build

node.exe : (node:29596) 
[DEP0176] 
DeprecationWarning: fs.F_OK 
is deprecated, use 
fs.constants.F_OK instead
At line:1 char:1
+ & "C:\Program 
Files\nodejs/node.exe" 
"C:\Program 
Files\nodejs/node_mo ...
+ ~~~~~~~~~~~~~~~~~~~~~~~~~~~
~~~~~~~~~~~~~~~~~~~~~~~~~~~~~
~~~~~~~~~~~~~
    + CategoryInfo           
   : NotSpecified    : 
((node:29596) [D.    
..ts.F_OK instead:S    
tring) [], RemoteEx    
ception
    + FullyQualifiedErr    
orId : NativeComman    dError
 
(Use `node 
--trace-deprecation ...` to 
show where the warning was 
created)
Creating an optimized production build...
Browserslist: caniuse-lite 
is outdated. Please run:
  npx 
update-browserslist-db@latest
  Why you should do it 
regularly: https://github.com
/browserslist/update-db#readm
e
Failed to compile.

Module not found: Error: Can't resolve './artifacts/contracts/Upload.sol/Upload.json' in 'C:\Users\Dhanraj\Downloads\Dgdrive3.0-main\Dgdrive3.0-main\client\src'


